// Jest Snapshot v1, https://goo.gl/fbAQLP

exports[`ButtonList renders correctly 1`] = `
.c0 {
  display: -webkit-box;
  display: -webkit-flex;
  display: -ms-flexbox;
  display: flex;
  -webkit-flex-direction: column;
  -ms-flex-direction: column;
  flex-direction: column;
  -webkit-box-pack: start;
  -webkit-justify-content: flex-start;
  -ms-flex-pack: start;
  justify-content: flex-start;
  -webkit-align-items: center;
  -webkit-box-align: center;
  -ms-flex-align: center;
  align-items: center;
}

.c0 > button:not(:last-of-type) {
  margin-right: 0;
}

.c0 > button {
  min-width: 17rem;
}

.c1 {
  color: #24619a;
  background: #e8f4ff;
  border: 1px solid transparent;
  padding: 0.7rem 1rem;
  border-radius: 0.3rem;
  margin-top: 2rem;
  cursor: pointer;
  font-family: sans-serif;
  font-size: 1rem;
  font-weight: bold;
  -webkit-transition: background-color .15s ease-in-out,border-color .15s ease-in-out,box-shadow .15s ease-in-out;
  transition: background-color .15s ease-in-out,border-color .15s ease-in-out,box-shadow .15s ease-in-out;
}

.c1:hover:not(:disabled) {
  background: white;
  border: 1px solid #24619a;
}

.c1:disabled {
  color: #24619a73;
  cursor: default;
}

<div>
  <div
    class="c0"
    direction="column"
  >
    <button
      class="c1"
      type="button"
    >
      Data loading modal
    </button>
    <button
      class="c1"
      type="button"
    >
      Delete files modal
    </button>
    <button
      class="c1"
      type="button"
    >
      Delete report and history modal
    </button>
  </div>
</div>
`;
