// Jest Snapshot v1, https://goo.gl/fbAQLP

exports[`renders correctly 1`] = `
<div>
  <nav
    class="Nav__NavWrapper-nw9owk-0 keEynN"
  >
    <a
      aria-current="page"
      class="Nav__NavButton-nw9owk-1 uOOIP active"
      href="/"
    >
      Task One
    </a>
    <a
      class="Nav__NavButton-nw9owk-1 uOOIP"
      href="/task-two"
    >
      Task Two
    </a>
  </nav>
  <div
    class="Task-sc-1sfry6e-0 eEjbou"
  >
    <h1
      class="Task__Heading-sc-1sfry6e-3 jlSngL"
    >
      Task One
    </h1>
    <div
      class="Task__Content-sc-1sfry6e-1 buQWJP"
    >
      <h4>
        Complete the following task:
      </h4>
      <p>
        This task is to solve a bug. There is a bug in the LogSelectionButton React Class Component that is preventing the behaviour described below from working correctly. Fix the bug.
      </p>
      Expected:
      <ol
        class="Task__StyledList-sc-1sfry6e-2 cZYgWY"
        type="1"
      >
        <li>
          LogSelectionButton must remain a Class Component.
        </li>
        <li>
          When you click on an animal tile (Whale, Cow or Hippo) e.g. Hippo then click the 
            "Log my click to console" button then a corresponding message e.g. “You clicked: Hippo” 
            is logged to the Javascript console after 5 seconds.
        </li>
        <li>
          When you click all three animal tiles, within 5 seconds, with a click of the 
          "Log my click to console" button between each animal tile click, a corresponding message 
          is logged to the Javascript console for each animal tile.
        </li>
      </ol>
    </div>
  </div>
</div>
`;
